Microsoft (R) Macro Assembler Version 6.14.8444		    04/08/18 18:24:16
task4.asm						     Page 1 - 1


				include console.inc
			      C .NOLIST
			      C .LIST
			      C 
			      C 
			      C ;include masm32.inc
			      C 
			      C    includelib masm32.lib
			      C    includelib user32.lib
			      C    includelib kernel32.lib
			      C    includelib msvcrt.lib
			      C    includelib io_proc.lib
			      C    
			      C 
 00000019			.data
 = 00000027			        N equ 39
 00000019  00000002 [		        D dq 2 dup(0)
	    0000000000000000
	   ]
 00000029  00000027 [		        Ans db N dup('0'), 0
	    30
	   ] 00
 00000051  00000002 [		        Res dq 2 dup(0)
	    0000000000000000
	   ]
 00000000			.code
				;input procedure - taken from task 1
 00000000			    inp proc
 00000061			    .data
 00000061			        Buff dq ?
	   0000000000000000
 00000000			    .code
 00000000  2B FF		        sub EDI, EDI;                   This will be pointer for D array, now set to zero
 00000002  BE 0000000A		        mov ESI, 10;                    10-multiplier
 00000007  B1 30		        mov CL, '0'

 00000009  80 F9 2E		@outer: cmp CL, '.'
 0000000C  0F 84 000000F4	        je @fin
				        inchar CL
 0000004C  C7 05 00000061 R	        mov dword ptr Buff, 0
	   00000000
 00000056  C7 05 00000065 R	        mov dword ptr Buff + 4, 0;      Buff := 0
	   00000000

 00000060  80 F9 2C		@inner: cmp CL, ','
 00000063  0F 84 00000097	        je @infin
 00000069  80 F9 2E		        cmp CL, '.'
 0000006C  0F 84 0000008E	        je @infin
 00000072  80 F9 39		        cmp CL, '9'
 00000075  0F 8F 00000295	        jg err
 0000007B  80 F9 30		        cmp CL, '0'
 0000007E  0F 8C 0000028C	        jl err

 00000084  80 E9 30		        sub CL, '0';                    CL now contains a number
 00000087  0F B6 C9		        movzx ECX, CL

 0000008A  8B 04 FD		        mov EAX, dword ptr D[8*EDI];
	   00000019 R
 00000091  F7 E6		        mul ESI

 00000093  8B D8		        mov EBX, EAX
 00000095  8B EA		        mov EBP, EDX

 00000097  8B 04 FD		        mov EAX, dword ptr D[8*EDI + 4]
	   0000001D R
 0000009E  F7 E6		        mul ESI
 000000A0  83 FA 00		        cmp EDX, 0
 000000A3  0F 85 00000267	        jne err
 000000A9  03 D9		        add EBX, ECX
 000000AB  13 E8		        adc EBP, EAX
 000000AD  0F 82 0000025D	        jc err
 000000B3  89 1C FD		        mov dword ptr D[8*EDI], EBX
	   00000019 R
 000000BA  89 2C FD		        mov dword ptr D[8*EDI + 4], EBP
	   0000001D R
				        inchar CL
 000000FB  E9 FFFFFF60		        jmp @inner

 00000100  47			@infin: inc EDI
 00000101  E9 FFFFFF03		        jmp @outer
 00000106  C3			@fin:   ret
 00000107			        inp endp




 00000107			    Start:
				        ConsoleTitle 'Zvonov Andrey, 110 group, optional task 4'
 0000013A  BE 0000000A		        mov ESI, 10;        Divisor, needed in future
 0000013F  E8 FFFFFEBC		        call inp
 00000144  A1 00000019 R	        mov EAX, dword ptr D
 00000149  8B 1D 00000021 R	        mov EBX, dword ptr D+8
 0000014F  F7 E3		        mul EBX
 00000151  01 15 0000005D R	        add dword ptr Res + 12, EDX
 00000157  01 05 00000059 R	        add dword ptr Res + 8, EAX
 0000015D  A1 0000001D R	        mov EAX, dword ptr D+4
 00000162  F7 E3		        mul EBX
 00000164  01 15 00000059 R	        add dword ptr Res + 8, EDX
 0000016A  11 05 00000055 R	        adc dword ptr Res + 4, EAX
 00000170  A1 0000001D R	        mov EAX, dword ptr D+4
 00000175  8B 1D 00000025 R	        mov EBX, dword ptr D+12
 0000017B  F7 E3		        mul EBX
 0000017D  01 15 00000059 R	        add dword ptr Res + 8, EDX
 00000183  11 05 00000055 R	        adc dword ptr Res + 4, EAX
 00000189  A1 0000001D R	        mov EAX, dword ptr D + 4
 0000018E  F7 E3		        mul EBX
 00000190  01 15 00000059 R	        add dword ptr Res + 8, EDX
 00000196  11 05 0000005D R	        adc dword ptr Res + 12, EAX
				        ;outword Res
				        ;outwordln Res + 8
				        ;number is stored in Res
				        ;mult s alright, todo: output
 0000019C  BF 00000026		        mov EDI, N-1
 000001A1  83 3D 00000051 R	cycle:  cmp dword ptr Res, 0
	   00
 000001A8  75 1D		        jne strt
 000001AA  83 3D 00000055 R	        cmp dword ptr Res + 4, 0
	   00
 000001B1  75 14		        jne strt
 000001B3  83 3D 00000059 R	        cmp dword ptr Res + 8, 0
	   00
 000001BA  75 0B		        jne strt
 000001BC  83 3D 0000005D R	        cmp dword ptr Res + 12, 0
	   00
 000001C3  75 02		        jne strt
 000001C5  EB 3E		        jmp tavoite
 000001C7  2B D2		strt:   sub EDX, EDX
 000001C9  A1 00000055 R	        mov EAX, dword ptr Res + 4
 000001CE  F7 F6		        div ESI
 000001D0  A3 00000055 R	        mov dword ptr Res + 4, EAX
 000001D5  A1 00000051 R	        mov EAX, dword ptr Res
 000001DA  F7 F6		        div ESI
 000001DC  A3 00000051 R	        mov dword ptr Res, EAX
 000001E1  A1 0000005D R	        mov EAX, dword ptr Res + 12
 000001E6  F7 F6		        div ESI
 000001E8  A3 0000005D R	        mov dword ptr Res + 12, EAX
 000001ED  A1 00000059 R	        mov EAX, dword ptr Res + 8
 000001F2  F7 F6		        div ESI
 000001F4  A3 00000059 R	        mov dword ptr Res + 8, EAX
 000001F9  80 C2 30		        add DL, '0'
 000001FC  88 97 00000029 R	        mov Ans[EDI], DL
 00000202  4F			        dec EDI
 00000203  EB 9C		        jmp cycle


 00000205  47			tavoite:inc EDI
 00000206  8D BF 00000029 R	        lea EDI, Ans[EDI]
				        outstrln EDI
 0000030B  E9 000000E5		        jmp fin
 00000310			err:   outstrln 'Input error'
 000003F5			fin:   pause 'Press any key to terminate'

				    exit
				    end Start
Microsoft (R) Macro Assembler Version 6.14.8444		    04/08/18 18:24:16
task4.asm						     Symbols 2 - 1




Macros:

                N a m e                 Type

??CheckStrToBuf  . . . . . . . .	Proc
??RestoreReg . . . . . . . . . .	Proc
??SaveReg  . . . . . . . . . . .	Proc
@inchar  . . . . . . . . . . . .	Func
@inintln . . . . . . . . . . . .	Func
@inint . . . . . . . . . . . . .	Func
@readkey . . . . . . . . . . . .	Func
ChagePageAttr  . . . . . . . . .	Proc
ClrScr . . . . . . . . . . . . .	Proc
ConsoleMode  . . . . . . . . . .	Proc
ConsoleTitle . . . . . . . . . .	Proc
DOS  . . . . . . . . . . . . . .	Func
DownloadFile . . . . . . . . . .	Proc
GetConsoleTitle  . . . . . . . .	Proc
HeapBlockSize  . . . . . . . . .	Proc
InputStr . . . . . . . . . . . .	Proc
MsgBox . . . . . . . . . . . . .	Proc
NewConsole . . . . . . . . . . .	Proc
OpenFile . . . . . . . . . . . .	Proc
OutFlafs . . . . . . . . . . . .	Proc
RunExe . . . . . . . . . . . . .	Proc
SetScreenSize  . . . . . . . . .	Proc
SetTextAttr  . . . . . . . . . .	Proc
TotalHeapAllocated . . . . . . .	Proc
WhereX . . . . . . . . . . . . .	Proc
WhereY . . . . . . . . . . . . .	Proc
dispose  . . . . . . . . . . . .	Proc
exit . . . . . . . . . . . . . .	Proc
flush  . . . . . . . . . . . . .	Proc
gotoXY . . . . . . . . . . . . .	Proc
inchar . . . . . . . . . . . . .	Proc
inintln  . . . . . . . . . . . .	Proc
inint  . . . . . . . . . . . . .	Proc
newline  . . . . . . . . . . . .	Proc
new  . . . . . . . . . . . . . .	Proc
outcharln  . . . . . . . . . . .	Proc
outchar  . . . . . . . . . . . .	Proc
outdateln  . . . . . . . . . . .	Proc
outdate  . . . . . . . . . . . .	Proc
outintln . . . . . . . . . . . .	Proc
outint . . . . . . . . . . . . .	Proc
outnumln . . . . . . . . . . . .	Proc
outnum . . . . . . . . . . . . .	Proc
outstrln . . . . . . . . . . . .	Proc
outstr . . . . . . . . . . . . .	Proc
outtimeln  . . . . . . . . . . .	Proc
outtime  . . . . . . . . . . . .	Proc
outwordln  . . . . . . . . . . .	Proc
outword  . . . . . . . . . . . .	Proc
pause  . . . . . . . . . . . . .	Proc
readkey  . . . . . . . . . . . .	Proc


Structures and Unions:

                N a m e                  Size
                                         Offset      Type

CONSOLE_SCREEN_BUFFER_INFO . . .	 00000016
  dwSize . . . . . . . . . . . .	 00000000	 DWord
  dwCursorPosition . . . . . . .	 00000004	 DWord
  wAttributes  . . . . . . . . .	 00000008	 Word
  srWindow . . . . . . . . . . .	 0000000A	 QWord
  dwMaximumWindowSize  . . . . .	 00000012	 DWord
COORD  . . . . . . . . . . . . .	 00000004
  x  . . . . . . . . . . . . . .	 00000000	 Word
  y  . . . . . . . . . . . . . .	 00000002	 Word
SMALL_RECT . . . . . . . . . . .	 00000008
  Left . . . . . . . . . . . . .	 00000000	 Word
  Top  . . . . . . . . . . . . .	 00000002	 Word
  Right  . . . . . . . . . . . .	 00000004	 Word
  Bottom . . . . . . . . . . . .	 00000006	 Word
SystemTime . . . . . . . . . . .	 00000010
  wYear  . . . . . . . . . . . .	 00000000	 Word
  wMonth . . . . . . . . . . . .	 00000002	 Word
  wDayOfWeek . . . . . . . . . .	 00000004	 Word
  wDay . . . . . . . . . . . . .	 00000006	 Word
  wHour  . . . . . . . . . . . .	 00000008	 Word
  wMinute  . . . . . . . . . . .	 0000000A	 Word
  wSecond  . . . . . . . . . . .	 0000000C	 Word
  wMilliseconds  . . . . . . . .	 0000000E	 Word


Types:

                N a m e                  Size     Attr

c_msvcrt . . . . . . . . . . . .	 00000004     CODE 


Segments and Groups:

                N a m e                 Size     Length   Align   Combine Class

FLAT . . . . . . . . . . . . . .	GROUP
STACK  . . . . . . . . . . . . .	32 Bit	 00001000 Para	  Stack	  'STACK'	 
_DATA  . . . . . . . . . . . . .	32 Bit	 0000064C Para	  Public  'DATA'	
_TEXT  . . . . . . . . . . . . .	32 Bit	 000004ED Para	  Public  'CODE'	


Procedures,  parameters and locals:

                N a m e                 Type     Value    Attr

CharToOemA . . . . . . . . . . .	P Near	 00000000 FLAT	Length= 00000000 External STDCALL
ClearScreen  . . . . . . . . . .	P Near	 00000000 FLAT	Length= 00000000 External STDCALL
CloseHandle  . . . . . . . . . .	P Near	 00000000 FLAT	Length= 00000000 External STDCALL
CreateFileA  . . . . . . . . . .	P Near	 00000000 FLAT	Length= 00000000 External STDCALL
ExitProcess  . . . . . . . . . .	P Near	 00000000 FLAT	Length= 00000000 External STDCALL
GetCommandLineA  . . . . . . . .	P Near	 00000000 FLAT	Length= 00000000 External STDCALL
GetConsoleScreenBufferInfo . . .	P Near	 00000000 FLAT	Length= 00000000 External STDCALL
GetConsoleTitleA . . . . . . . .	P Near	 00000000 FLAT	Length= 00000000 External STDCALL
GetModuleHandleA . . . . . . . .	P Near	 00000000 FLAT	Length= 00000000 External STDCALL
GetStdHandle . . . . . . . . . .	P Near	 00000000 FLAT	Length= 00000000 External STDCALL
GetSystemMetrics . . . . . . . .	P Near	 00000000 FLAT	Length= 00000000 External STDCALL
GetSystemTime  . . . . . . . . .	P Near	 00000000 FLAT	Length= 00000000 External STDCALL
GlobalAlloc  . . . . . . . . . .	P Near	 00000000 FLAT	Length= 00000000 External STDCALL
GlobalFree . . . . . . . . . . .	P Near	 00000000 FLAT	Length= 00000000 External STDCALL
GlobalSize . . . . . . . . . . .	P Near	 00000000 FLAT	Length= 00000000 External STDCALL
InternetGetConnectedState  . . .	P Near	 00000000 FLAT	Length= 00000000 External STDCALL
MessageBoxA  . . . . . . . . . .	P Near	 00000000 FLAT	Length= 00000000 External STDCALL
MessageBoxIndirectA  . . . . . .	P Near	 00000000 FLAT	Length= 00000000 External STDCALL
SetConsoleCursorPosition . . . .	P Near	 00000000 FLAT	Length= 00000000 External STDCALL
SetConsoleScreenBufferSize . . .	P Near	 00000000 FLAT	Length= 00000000 External STDCALL
SetConsoleTextAttribute  . . . .	P Near	 00000000 FLAT	Length= 00000000 External STDCALL
SetConsoleTitleA . . . . . . . .	P Near	 00000000 FLAT	Length= 00000000 External STDCALL
StdIn  . . . . . . . . . . . . .	P Near	 00000000 FLAT	Length= 00000000 External STDCALL
StdOut . . . . . . . . . . . . .	P Near	 00000000 FLAT	Length= 00000000 External STDCALL
URLDownloadToFileA . . . . . . .	P Near	 00000000 FLAT	Length= 00000000 External STDCALL
VirtualProtect . . . . . . . . .	P Near	 00000000 FLAT	Length= 00000000 External STDCALL
inp  . . . . . . . . . . . . . .	P Near	 00000000 _TEXT	Length= 00000107 Public STDCALL
  @outer . . . . . . . . . . . .	L Near	 00000009 _TEXT	
  ??0002 . . . . . . . . . . . .	L Near	 0000001C _TEXT	
  @inner . . . . . . . . . . . .	L Near	 00000060 _TEXT	
  ??0005 . . . . . . . . . . . .	L Near	 000000CB _TEXT	
  @infin . . . . . . . . . . . .	L Near	 00000100 _TEXT	
  @fin . . . . . . . . . . . . .	L Near	 00000106 _TEXT	
shell_ex . . . . . . . . . . . .	P Near	 00000000 FLAT	Length= 00000000 External STDCALL
shell  . . . . . . . . . . . . .	P Near	 00000000 FLAT	Length= 00000000 External STDCALL
wait_key . . . . . . . . . . . .	P Near	 00000000 FLAT	Length= 00000000 External STDCALL


Symbols:

                N a m e                 Type     Value    Attr

??0000 . . . . . . . . . . . . .	Number	 00000001h   
??0001 . . . . . . . . . . . . .	Byte	 00000069 _DATA	
??0003 . . . . . . . . . . . . .	Number	 00000001h   
??0004 . . . . . . . . . . . . .	Byte	 0000006B _DATA	
??0006 . . . . . . . . . . . . .	Byte	 0000006E _DATA	
??0007 . . . . . . . . . . . . .	Text   	 "
??0008 . . . . . . . . . . . . .	Byte	 0000006D _DATA	
??000A . . . . . . . . . . . . .	L Near	 00000131 _TEXT	
??000B . . . . . . . . . . . . .	Byte	 00000099 _DATA	
??000C . . . . . . . . . . . . .	Text   	 E
??000D . . . . . . . . . . . . .	Byte	 00000098 _DATA	
??000E . . . . . . . . . . . . .	L Near	 0000021A _TEXT	
??000F . . . . . . . . . . . . .	L Near	 00000250 _TEXT	
??0010 . . . . . . . . . . . . .	Number	 00000000h   
??0011 . . . . . . . . . . . . .	Byte	 00000161 _DATA	
??0013 . . . . . . . . . . . . .	Byte	 00000164 _DATA	
??0014 . . . . . . . . . . . . .	Text   	 o
??0015 . . . . . . . . . . . . .	Byte	 00000163 _DATA	
??0016 . . . . . . . . . . . . .	L Near	 00000273 _TEXT	
??0017 . . . . . . . . . . . . .	L Near	 000002A9 _TEXT	
??0018 . . . . . . . . . . . . .	Number	 00000000h   
??0019 . . . . . . . . . . . . .	Byte	 0000022C _DATA	
??001B . . . . . . . . . . . . .	Byte	 0000022F _DATA	
??001C . . . . . . . . . . . . .	Text   	 o
??001D . . . . . . . . . . . . .	Byte	 0000022E _DATA	
??001E . . . . . . . . . . . . .	L Near	 000002CC _TEXT	
??001F . . . . . . . . . . . . .	L Near	 00000302 _TEXT	
??0020 . . . . . . . . . . . . .	Byte	 000002F8 _DATA	
??0021 . . . . . . . . . . . . .	Text   	 "
??0022 . . . . . . . . . . . . .	Byte	 000002F7 _DATA	
??0024 . . . . . . . . . . . . .	L Near	 0000033A _TEXT	
??0025 . . . . . . . . . . . . .	Number	 00000000h   
??0026 . . . . . . . . . . . . .	Byte	 00000304 _DATA	
??0028 . . . . . . . . . . . . .	Byte	 00000307 _DATA	
??0029 . . . . . . . . . . . . .	Text   	 o
??002A . . . . . . . . . . . . .	Byte	 00000306 _DATA	
??002B . . . . . . . . . . . . .	L Near	 0000035D _TEXT	
??002C . . . . . . . . . . . . .	L Near	 00000393 _TEXT	
??002D . . . . . . . . . . . . .	Number	 00000000h   
??002E . . . . . . . . . . . . .	Byte	 000003CF _DATA	
??0030 . . . . . . . . . . . . .	Byte	 000003D2 _DATA	
??0031 . . . . . . . . . . . . .	Text   	 o
??0032 . . . . . . . . . . . . .	Byte	 000003D1 _DATA	
??0033 . . . . . . . . . . . . .	L Near	 000003B6 _TEXT	
??0034 . . . . . . . . . . . . .	L Near	 000003EC _TEXT	
??0035 . . . . . . . . . . . . .	Byte	 0000049B _DATA	
??0036 . . . . . . . . . . . . .	Text   	 "
??0037 . . . . . . . . . . . . .	Byte	 0000049A _DATA	
??0039 . . . . . . . . . . . . .	L Near	 0000041F _TEXT	
??003A . . . . . . . . . . . . .	Number	 00000000h   
??003B . . . . . . . . . . . . .	Byte	 000004B6 _DATA	
??003D . . . . . . . . . . . . .	Byte	 000004B9 _DATA	
??003E . . . . . . . . . . . . .	Text   	 o
??003F . . . . . . . . . . . . .	Byte	 000004B8 _DATA	
??0040 . . . . . . . . . . . . .	L Near	 0000044D _TEXT	
??0041 . . . . . . . . . . . . .	L Near	 00000483 _TEXT	
??0042 . . . . . . . . . . . . .	Number	 00000000h   
??0043 . . . . . . . . . . . . .	Byte	 00000581 _DATA	
??0045 . . . . . . . . . . . . .	Byte	 00000584 _DATA	
??0046 . . . . . . . . . . . . .	Text   	 o
??0047 . . . . . . . . . . . . .	Byte	 00000583 _DATA	
??0048 . . . . . . . . . . . . .	L Near	 000004A6 _TEXT	
??0049 . . . . . . . . . . . . .	L Near	 000004DC _TEXT	
??CommonHeapElemSize . . . . . .	DWord	 00000004 _DATA	
??ConsoleMode  . . . . . . . . .	Byte	 00000008 _DATA	
??TotalHeapAllocated . . . . . .	DWord	 00000000 _DATA	
??sTime  . . . . . . . . . . . .	SystemTime  00000009 _DATA	
@CodeSize  . . . . . . . . . . .	Number	 00000000h   
@DataSize  . . . . . . . . . . .	Number	 00000000h   
@InChar  . . . . . . . . . . . .	Text   	 @inchar
@InInt . . . . . . . . . . . . .	Text   	 @inint
@Inchar  . . . . . . . . . . . .	Text   	 @inchar
@InintLn . . . . . . . . . . . .	Text   	 @inintln
@Inintln . . . . . . . . . . . .	Text   	 @inintln
@Inint . . . . . . . . . . . . .	Text   	 @inint
@Interface . . . . . . . . . . .	Number	 00000003h   
@Model . . . . . . . . . . . . .	Number	 00000007h   
@ReadKey . . . . . . . . . . . .	Text   	 @readkey
@code  . . . . . . . . . . . . .	Text   	 _TEXT
@data  . . . . . . . . . . . . .	Text   	 FLAT
@fardata?  . . . . . . . . . . .	Text   	 FLAT
@fardata . . . . . . . . . . . .	Text   	 FLAT
@stack . . . . . . . . . . . . .	Text   	 FLAT
AllocConsole@0 . . . . . . . . .	L Near	 00000000 FLAT	External STDCALL
Ans  . . . . . . . . . . . . . .	Byte	 00000029 _DATA	
Black  . . . . . . . . . . . . .	Number	 00000000h   
Blue . . . . . . . . . . . . . .	Number	 00000001h   
Bright . . . . . . . . . . . . .	Number	 00000008h   
Brown  . . . . . . . . . . . . .	Number	 00000006h   
Buff . . . . . . . . . . . . . .	QWord	 00000061 _DATA	
CREATE_ALWAYS  . . . . . . . . .	Number	 00000002h   
CREATE_NEW . . . . . . . . . . .	Number	 00000001h   
CharToOem  . . . . . . . . . . .	Text   	 CharToOemA
Cls  . . . . . . . . . . . . . .	Text   	 ClrScr
CreateFile . . . . . . . . . . .	Text   	 CreateFileA
Cyan . . . . . . . . . . . . . .	Number	 00000003h   
DarkGray . . . . . . . . . . . .	Number	 00000008h   
Dispose  . . . . . . . . . . . .	Text   	 dispose
D  . . . . . . . . . . . . . . .	QWord	 00000019 _DATA	
Exit . . . . . . . . . . . . . .	Text   	 exit
FILE_ATTRIBUTE_ARCHIVE . . . . .	Number	 00000020h   
FILE_ATTRIBUTE_COMPRESSED  . . .	Number	 00000800h   
FILE_ATTRIBUTE_DIRECTORY . . . .	Number	 00000010h   
FILE_ATTRIBUTE_HIDDEN  . . . . .	Number	 00000002h   
FILE_ATTRIBUTE_NORMAL  . . . . .	Number	 00000080h   
FILE_ATTRIBUTE_READONLY  . . . .	Number	 00000001h   
FILE_ATTRIBUTE_SYSTEM  . . . . .	Number	 00000004h   
FILE_ATTRIBUTE_TEMPORARY . . . .	Number	 00000100h   
Flush  . . . . . . . . . . . . .	Text   	 flush
FreeConsole@0  . . . . . . . . .	L Near	 00000000 FLAT	External STDCALL
GENERIC_ALL  . . . . . . . . . .	Number	 10000000h   
GENERIC_EXECUTE  . . . . . . . .	Number	 20000000h   
GENERIC_READ . . . . . . . . . .	Number	 -80000000h   
GENERIC_WRITE  . . . . . . . . .	Number	 40000000h   
GMEM_FIXED . . . . . . . . . . .	Number	 00000000h   
GMEM_ZEROINIT  . . . . . . . . .	Number	 00000040h   
GetCommandLine . . . . . . . . .	Text   	 GetCommandLineA
GetModuleHandle  . . . . . . . .	Text   	 GetModuleHandleA
GotoXY . . . . . . . . . . . . .	Text   	 gotoXY
Green  . . . . . . . . . . . . .	Number	 00000002h   
IDABORT  . . . . . . . . . . . .	Number	 00000003h   
IDCANCEL . . . . . . . . . . . .	Number	 00000002h   
IDIGNORE . . . . . . . . . . . .	Number	 00000005h   
IDNO . . . . . . . . . . . . . .	Number	 00000007h   
IDOK . . . . . . . . . . . . . .	Number	 00000001h   
IDRETRY  . . . . . . . . . . . .	Number	 00000004h   
IDYES  . . . . . . . . . . . . .	Number	 00000006h   
InChar . . . . . . . . . . . . .	Text   	 inchar
InInt  . . . . . . . . . . . . .	Text   	 inint
Inchar . . . . . . . . . . . . .	Text   	 inchar
InintLn  . . . . . . . . . . . .	Text   	 inintln
Inintln  . . . . . . . . . . . .	Text   	 inintln
Inint  . . . . . . . . . . . . .	Text   	 inint
LANG_NEUTRAL . . . . . . . . . .	Number	 00000000h   
LightBlue  . . . . . . . . . . .	Number	 00000009h   
LightGray  . . . . . . . . . . .	Number	 00000007h   
LightGreen . . . . . . . . . . .	Number	 0000000Ah   
LightMagenta . . . . . . . . . .	Number	 0000000Dh   
LightRed . . . . . . . . . . . .	Number	 0000000Ch   
MB_ABORTRETRYIGNORE  . . . . . .	Number	 00000002h   
MB_CANCELTRYCONTINUE . . . . . .	Number	 00000006h   
MB_DEFBUTTON1  . . . . . . . . .	Number	 00000000h   
MB_DEFBUTTON2  . . . . . . . . .	Number	 00000100h   
MB_DEFBUTTON3  . . . . . . . . .	Number	 00000200h   
MB_DEFBUTTON4  . . . . . . . . .	Number	 00000300h   
MB_HELP  . . . . . . . . . . . .	Number	 00004000h   
MB_ICONASTERISK  . . . . . . . .	Number	 00000040h   
MB_ICONEXCLAMATION . . . . . . .	Number	 00000030h   
MB_ICONHAND  . . . . . . . . . .	Number	 00000008h   
MB_ICONQUESTION  . . . . . . . .	Number	 00000020h   
MB_ICONSTOP  . . . . . . . . . .	Number	 00000010h   
MB_OKCANCEL  . . . . . . . . . .	Number	 00000001h   
MB_OK  . . . . . . . . . . . . .	Number	 00000000h   
MB_RETRYCANCEL . . . . . . . . .	Number	 00000005h   
MB_RIGHT . . . . . . . . . . . .	Number	 00080000h   
MB_SYSTEMMODAL . . . . . . . . .	Number	 00001000h   
MB_USERICON  . . . . . . . . . .	Number	 00000080h   
MB_YESNOCANCEL . . . . . . . . .	Number	 00000003h   
MB_YESNO . . . . . . . . . . . .	Number	 00000004h   
Magenta  . . . . . . . . . . . .	Number	 00000005h   
MessageBoxIndirect . . . . . . .	Text   	 MessageBoxIndirectA
MessageBox . . . . . . . . . . .	Text   	 MessageBoxA
NULL . . . . . . . . . . . . . .	Number	 00000000h   
NewLine  . . . . . . . . . . . .	Text   	 newline
Newline  . . . . . . . . . . . .	Text   	 newline
New  . . . . . . . . . . . . . .	Text   	 new
N  . . . . . . . . . . . . . . .	Number	 00000027h   
OPEN_ALWAYS  . . . . . . . . . .	Number	 00000004h   
OPEN_EXISTING  . . . . . . . . .	Number	 00000003h   
OutCharLn  . . . . . . . . . . .	Text   	 outcharln
OutCharln  . . . . . . . . . . .	Text   	 outcharln
OutChar  . . . . . . . . . . . .	Text   	 outchar,prompt:VARARG
OutDateLn  . . . . . . . . . . .	Text   	 outdateln
OutDateln  . . . . . . . . . . .	Text   	 outdateln
OutDate  . . . . . . . . . . . .	Text   	 outdate
OutILn . . . . . . . . . . . . .	Text   	 outintln
OutIln . . . . . . . . . . . . .	Text   	 outintln
OutIntLn . . . . . . . . . . . .	Text   	 outintln
OutInt . . . . . . . . . . . . .	Text   	 outint
OutI . . . . . . . . . . . . . .	Text   	 outint
OutNumLn . . . . . . . . . . . .	Text   	 outnumln
OutNumln . . . . . . . . . . . .	Text   	 outnumln
OutNum . . . . . . . . . . . . .	Text   	 outnum
OutStrLn . . . . . . . . . . . .	Text   	 outstrln
OutStr . . . . . . . . . . . . .	Text   	 outstr
OutTimeLn  . . . . . . . . . . .	Text   	 outtimeln
OutTimeln  . . . . . . . . . . .	Text   	 outtimeln
OutTime  . . . . . . . . . . . .	Text   	 outtime
OutULn . . . . . . . . . . . . .	Text   	 outwordln
OutUln . . . . . . . . . . . . .	Text   	 outwordln
OutUnsignedLn  . . . . . . . . .	Text   	 outwordln
OutUnsignedln  . . . . . . . . .	Text   	 outwordln
OutUnsigned  . . . . . . . . . .	Text   	 outword
OutU . . . . . . . . . . . . . .	Text   	 outword
OutWordLn  . . . . . . . . . . .	Text   	 outwordln
OutWord  . . . . . . . . . . . .	Text   	 outword
OutintLn . . . . . . . . . . . .	Text   	 outintln
Outintln . . . . . . . . . . . .	Text   	 outintln
Outint . . . . . . . . . . . . .	Text   	 outint
OutstrLn . . . . . . . . . . . .	Text   	 outstrln
OutwordLn  . . . . . . . . . . .	Text   	 outwordln
Outword  . . . . . . . . . . . .	Text   	 outword
PAGE_EXECUTE_READWRITE . . . . .	Number	 00000040h   
PAGE_EXECUTE_READ  . . . . . . .	Number	 00000020h   
PAGE_EXECUTE_WRITECOPY . . . . .	Number	 00000080h   
PAGE_EXECUTE . . . . . . . . . .	Number	 00000010h   
PAGE_NOACCESS  . . . . . . . . .	Number	 00000001h   
PAGE_READONLY  . . . . . . . . .	Number	 00000002h   
PAGE_READWRITE . . . . . . . . .	Number	 00000004h   
PAGE_WRITECOPY . . . . . . . . .	Number	 00000008h   
Pause  . . . . . . . . . . . . .	Text   	 pause
ReadKey  . . . . . . . . . . . .	Text   	 readkey
Red  . . . . . . . . . . . . . .	Number	 00000004h   
Res  . . . . . . . . . . . . . .	QWord	 00000051 _DATA	
STD_ERROR_HANDLE . . . . . . . .	Number	 -0000000Ch   
STD_INPUT_HANDLE . . . . . . . .	Number	 -0000000Ah   
STD_OUTPUT_HANDLE  . . . . . . .	Number	 -0000000Bh   
SetConsoleTitle  . . . . . . . .	Text   	 SetConsoleTitleA
Start  . . . . . . . . . . . . .	L Near	 00000107 _TEXT	Public STDCALL
TRUNCATE_EXISTING  . . . . . . .	Number	 00000005h   
URLDownloadToFile  . . . . . . .	Text   	 URLDownloadToFileA
White  . . . . . . . . . . . . .	Number	 0000000Fh   
Yellow . . . . . . . . . . . . .	Number	 0000000Eh   
_imp__printf . . . . . . . . . .	DWord	 00000000 FLAT	External STDCALL
_imp__sprintf  . . . . . . . . .	DWord	 00000000 FLAT	External STDCALL
black  . . . . . . . . . . . . .	Number	 00000000h   
blue . . . . . . . . . . . . . .	Number	 00000001h   
bright . . . . . . . . . . . . .	Number	 00000008h   
brown  . . . . . . . . . . . . .	Number	 00000006h   
clrscr . . . . . . . . . . . . .	Text   	 ClrScr
crt_printf . . . . . . . . . . .	Text   	 _imp__printf
crt_sprintf  . . . . . . . . . .	Text   	 _imp__sprintf
cyan . . . . . . . . . . . . . .	Number	 00000003h   
cycle  . . . . . . . . . . . . .	L Near	 000001A1 _TEXT	
darkgray . . . . . . . . . . . .	Number	 00000008h   
dos  . . . . . . . . . . . . . .	Text   	 DOS
downloadfile . . . . . . . . . .	Text   	 DownloadFile
err  . . . . . . . . . . . . . .	L Near	 00000310 _TEXT	
fin  . . . . . . . . . . . . . .	L Near	 000003F5 _TEXT	
gotoxy . . . . . . . . . . . . .	Text   	 gotoXY
green  . . . . . . . . . . . . .	Number	 00000002h   
heapblocksize  . . . . . . . . .	Text   	 HeapBlockSize
inint_proc@0 . . . . . . . . . .	L Near	 00000000 FLAT	External STDCALL
inputstr . . . . . . . . . . . .	Text   	 InputStr
lightblue  . . . . . . . . . . .	Number	 00000009h   
lightgray  . . . . . . . . . . .	Number	 00000007h   
lightgreen . . . . . . . . . . .	Number	 0000000Ah   
lightmagenta . . . . . . . . . .	Number	 0000000Dh   
lightred . . . . . . . . . . . .	Number	 0000000Ch   
magenta  . . . . . . . . . . . .	Number	 00000005h   
nil  . . . . . . . . . . . . . .	DWord 	 00000000h   
outintLn . . . . . . . . . . . .	Text   	 outintln
outwordLn  . . . . . . . . . . .	Text   	 outwordln
red  . . . . . . . . . . . . . .	Number	 00000004h   
settextattr  . . . . . . . . . .	Text   	 SetTextAttr
strt . . . . . . . . . . . . . .	L Near	 000001C7 _TEXT	
tavoite  . . . . . . . . . . . .	L Near	 00000205 _TEXT	
whereX . . . . . . . . . . . . .	Text   	 WhereX
whereY . . . . . . . . . . . . .	Text   	 WhereY
wherex . . . . . . . . . . . . .	Text   	 WhereX
wherey . . . . . . . . . . . . .	Text   	 WhereY
white  . . . . . . . . . . . . .	Number	 0000000Fh   
yellow . . . . . . . . . . . . .	Number	 0000000Eh   

	   0 Warnings
	   0 Errors
