Microsoft (R) Macro Assembler Version 6.14.8444		    04/23/18 09:09:51
task4.asm						     Page 1 - 1


				include console.inc
			      C .NOLIST
			      C .LIST
			      C 
			      C 
			      C ;include masm32.inc
			      C 
			      C    includelib masm32.lib
			      C    includelib user32.lib
			      C    includelib kernel32.lib
			      C    includelib msvcrt.lib
			      C    includelib io_proc.lib
			      C    
			      C 
 00000019			.data
 = 00000005			        L equ 5
 = 0000009B			        R equ 155
 00000019  00000013 [		        S db (R-L)/8 + 1 dup(0)
	    00
	   ]
 0000002C 49 6E 63 6C 75	        Incld db 'Included', 0
	   64 65 64 00
 00000035 4E 6F 74 20 69	        Nincl db 'Not included', 0
	   6E 63 6C 75 64
	   65 64 00
 00000000			.code
 00000000			    Check Proc;   takes 2 parameters: offset and element to check
 00000000			    .code;      returns 1 if included, 0 otherwise
 00000000  55			        push EBP
 00000001  8B EC		        mov EBP, ESP
 00000003  53			        push EBX
 00000004  51			        push ECX
 00000005  52			        push EDX
 00000006  57			        push EDI
 00000007  56			        push ESI

 00000008  8B 5D 08		        mov EBX, dword ptr [EBP + 8]
 0000000B  8B 4D 0C		        mov ECX, dword ptr [EBP + 12]
 0000000E  80 E9 05		        sub CL, L
 00000011  B5 08		        mov CH, 8
 00000013  66| 0F B6 C1		        movzx AX, CL
 00000017  F6 F5		        div CH
 00000019  8A CC		        mov CL, AH;             mod now in CL, ready to shift
 0000001B  0F B6 C0		        movzx EAX, AL;          div
 0000001E  03 D8		        add EBX, EAX;           required byte offset
 00000020  B2 80		        mov DL, 10000000b
 00000022  D2 EA		        shr DL, CL
 00000024  33 C0		        xor EAX, EAX
 00000026  84 13		        test DL, byte ptr [EBX]
 00000028  74 01		        jz @no
 0000002A  40			        inc EAX
 0000002B			@no:
 0000002B  5E			        pop ESI
 0000002C  5F			        pop EDI
 0000002D  5A			        pop EDX
 0000002E  59			        pop ECX
 0000002F  5B			        pop EBX
 00000030  8B E5		        mov ESP, EBP
 00000032  5D			        pop EBP
 00000033  C2 0008		    ret 4*2
 00000036			    Check endp



 00000036			    Start:
				        ConsoleTitle 'Zvonov Andrey, 110 group, task 4'

 00000069			strt:
				        inchar CL, 'Enter the command: '
 000000D6  80 F9 2E		        cmp CL, '.'
 000000D9  0F 84 00000473	        je fin

 000000DF  80 F9 2B		        cmp CL, '+'
 000000E2  74 20		        je plus

 000000E4  80 F9 2D		        cmp CL, '-'
 000000E7  74 63		        je minus

 000000E9  80 F9 3F		        cmp CL, '?'
 000000EC  0F 84 000000A4	        je chk

 000000F2  80 F9 3D		        cmp CL, '='
 000000F5  0F 84 000001E6	        je qty

 000000FB  80 F9 3A		        cmp CL, ':'
 000000FE  0F 84 000002E5	        je print

 00000104			plus:   inint CL
 00000112  80 E9 05		        sub CL, 5
 00000115  B3 08		        mov BL, 8
 00000117  66| 0F B6 C1		        movzx AX, CL
 0000011B  F6 F3		        div BL
 0000011D  8A CC		        mov CL, AH;             mod now in CL, ready to shift
 0000011F  0F B6 C0		        movzx EAX, AL;          div
 00000122  B2 80		        mov DL, 10000000b
 00000124  D2 EA		        shr DL, CL
 00000126  08 90 00000019 R	        or S[EAX], DL
				        flush
 00000147  E9 FFFFFF1D		        jmp strt

 0000014C			minus:  inint CL
 0000015A  80 E9 05		        sub CL, 5
 0000015D  B3 08		        mov BL, 8
 0000015F  66| 0F B6 C1		        movzx AX, CL
 00000163  F6 F3		        div BL
 00000165  8A CC		        mov CL, AH;             mod now in CL, ready to shift
 00000167  0F B6 C0		        movzx EAX, AL;          div
 0000016A  B2 80		        mov DL, 10000000b
 0000016C  D2 EA		        shr DL, CL
 0000016E  F6 D2		        not DL
 00000170  20 90 00000019 R	        and S[EAX], DL
				        flush
 00000191  E9 FFFFFED3		        jmp strt

 00000196			chk:    inint CL
 000001A4  0F B6 C9		        movzx ECX, CL
 000001A7  51			        push ECX
 000001A8  68 00000019 R	        push offset S
 000001AD  E8 FFFFFE4E		        call Check;             made a procedure cause check option will be required later
 000001B2  BE 00000035 R	        mov ESI, offset Nincl
 000001B7  83 F8 00		        cmp EAX, 0
 000001BA  74 06		        je ouchk
 000001BC  8D 35 0000002C R	        lea ESI, Incld
 000001C2			ouchk:  outstrln ESI
				        flush
 000002DC  E9 FFFFFD88		        jmp strt

 000002E1  33 DB		qty:    xor EBX, EBX
 000002E3  B9 00000005		        mov ECX, L
 000002E8  81 F9 0000009B	qtcyc:  cmp ECX, R
 000002EE  77 10		        ja qtcfin
 000002F0  51			        push ECX
 000002F1  68 00000019 R	        push offset S
 000002F6  E8 FFFFFD05		        call Check
 000002FB  03 D8		        add EBX, EAX
 000002FD  41			        inc ECX
 000002FE  EB E8		        jmp qtcyc
 00000300			qtcfin: outwordln EBX
				        flush
 000003E4  E9 FFFFFC80		        jmp strt

 000003E9  B9 00000005		print:  mov ECX, L
 000003EE  81 F9 0000009B	prcyc:  cmp ECX, R
 000003F4  0F 87 00000086	        ja prfin
 000003FA  51			        push ECX
 000003FB  68 00000019 R	        push offset S
 00000400  E8 FFFFFBFB		        call Check
 00000405  83 F8 00		        cmp EAX, 0
 00000408  74 70		        je nxt
				        outword ECX
				        outchar ' '
 0000047A  41			nxt:    inc ECX
 0000047B  E9 FFFFFF6E		        jmp prcyc
 00000480			prfin:  newline
				        flush
 0000054D  E9 FFFFFB17		        jmp strt

 00000552			fin:    newline
				        pause 'Press any key to terminate'
				        exit
				    end Start
Microsoft (R) Macro Assembler Version 6.14.8444		    04/23/18 09:09:51
task4.asm						     Symbols 2 - 1




Macros:

                N a m e                 Type

??CheckStrToBuf  . . . . . . . .	Proc
??RestoreReg . . . . . . . . . .	Proc
??SaveReg  . . . . . . . . . . .	Proc
@inchar  . . . . . . . . . . . .	Func
@inintln . . . . . . . . . . . .	Func
@inint . . . . . . . . . . . . .	Func
@readkey . . . . . . . . . . . .	Func
ChagePageAttr  . . . . . . . . .	Proc
ClrScr . . . . . . . . . . . . .	Proc
ConsoleMode  . . . . . . . . . .	Proc
ConsoleTitle . . . . . . . . . .	Proc
DOS  . . . . . . . . . . . . . .	Func
DownloadFile . . . . . . . . . .	Proc
GetConsoleTitle  . . . . . . . .	Proc
HeapBlockSize  . . . . . . . . .	Proc
InputStr . . . . . . . . . . . .	Proc
MsgBox . . . . . . . . . . . . .	Proc
NewConsole . . . . . . . . . . .	Proc
OpenFile . . . . . . . . . . . .	Proc
OutFlafs . . . . . . . . . . . .	Proc
RunExe . . . . . . . . . . . . .	Proc
SetScreenSize  . . . . . . . . .	Proc
SetTextAttr  . . . . . . . . . .	Proc
TotalHeapAllocated . . . . . . .	Proc
WhereX . . . . . . . . . . . . .	Proc
WhereY . . . . . . . . . . . . .	Proc
dispose  . . . . . . . . . . . .	Proc
exit . . . . . . . . . . . . . .	Proc
flush  . . . . . . . . . . . . .	Proc
gotoXY . . . . . . . . . . . . .	Proc
inchar . . . . . . . . . . . . .	Proc
inintln  . . . . . . . . . . . .	Proc
inint  . . . . . . . . . . . . .	Proc
newline  . . . . . . . . . . . .	Proc
new  . . . . . . . . . . . . . .	Proc
outcharln  . . . . . . . . . . .	Proc
outchar  . . . . . . . . . . . .	Proc
outdateln  . . . . . . . . . . .	Proc
outdate  . . . . . . . . . . . .	Proc
outintln . . . . . . . . . . . .	Proc
outint . . . . . . . . . . . . .	Proc
outnumln . . . . . . . . . . . .	Proc
outnum . . . . . . . . . . . . .	Proc
outstrln . . . . . . . . . . . .	Proc
outstr . . . . . . . . . . . . .	Proc
outtimeln  . . . . . . . . . . .	Proc
outtime  . . . . . . . . . . . .	Proc
outwordln  . . . . . . . . . . .	Proc
outword  . . . . . . . . . . . .	Proc
pause  . . . . . . . . . . . . .	Proc
readkey  . . . . . . . . . . . .	Proc


Structures and Unions:

                N a m e                  Size
                                         Offset      Type

CONSOLE_SCREEN_BUFFER_INFO . . .	 00000016
  dwSize . . . . . . . . . . . .	 00000000	 DWord
  dwCursorPosition . . . . . . .	 00000004	 DWord
  wAttributes  . . . . . . . . .	 00000008	 Word
  srWindow . . . . . . . . . . .	 0000000A	 QWord
  dwMaximumWindowSize  . . . . .	 00000012	 DWord
COORD  . . . . . . . . . . . . .	 00000004
  x  . . . . . . . . . . . . . .	 00000000	 Word
  y  . . . . . . . . . . . . . .	 00000002	 Word
SMALL_RECT . . . . . . . . . . .	 00000008
  Left . . . . . . . . . . . . .	 00000000	 Word
  Top  . . . . . . . . . . . . .	 00000002	 Word
  Right  . . . . . . . . . . . .	 00000004	 Word
  Bottom . . . . . . . . . . . .	 00000006	 Word
SystemTime . . . . . . . . . . .	 00000010
  wYear  . . . . . . . . . . . .	 00000000	 Word
  wMonth . . . . . . . . . . . .	 00000002	 Word
  wDayOfWeek . . . . . . . . . .	 00000004	 Word
  wDay . . . . . . . . . . . . .	 00000006	 Word
  wHour  . . . . . . . . . . . .	 00000008	 Word
  wMinute  . . . . . . . . . . .	 0000000A	 Word
  wSecond  . . . . . . . . . . .	 0000000C	 Word
  wMilliseconds  . . . . . . . .	 0000000E	 Word


Types:

                N a m e                  Size     Attr

c_msvcrt . . . . . . . . . . . .	 00000004     CODE 


Segments and Groups:

                N a m e                 Size     Length   Align   Combine Class

FLAT . . . . . . . . . . . . . .	GROUP
STACK  . . . . . . . . . . . . .	32 Bit	 00001000 Para	  Stack	  'STACK'	 
_DATA  . . . . . . . . . . . . .	32 Bit	 00000A30 Para	  Public  'DATA'	
_TEXT  . . . . . . . . . . . . .	32 Bit	 000006FC Para	  Public  'CODE'	


Procedures,  parameters and locals:

                N a m e                 Type     Value    Attr

CharToOemA . . . . . . . . . . .	P Near	 00000000 FLAT	Length= 00000000 External STDCALL
Check  . . . . . . . . . . . . .	P Near	 00000000 _TEXT	Length= 00000036 Public STDCALL
  @no  . . . . . . . . . . . . .	L Near	 0000002B _TEXT	
ClearScreen  . . . . . . . . . .	P Near	 00000000 FLAT	Length= 00000000 External STDCALL
CloseHandle  . . . . . . . . . .	P Near	 00000000 FLAT	Length= 00000000 External STDCALL
CreateFileA  . . . . . . . . . .	P Near	 00000000 FLAT	Length= 00000000 External STDCALL
ExitProcess  . . . . . . . . . .	P Near	 00000000 FLAT	Length= 00000000 External STDCALL
GetCommandLineA  . . . . . . . .	P Near	 00000000 FLAT	Length= 00000000 External STDCALL
GetConsoleScreenBufferInfo . . .	P Near	 00000000 FLAT	Length= 00000000 External STDCALL
GetConsoleTitleA . . . . . . . .	P Near	 00000000 FLAT	Length= 00000000 External STDCALL
GetModuleHandleA . . . . . . . .	P Near	 00000000 FLAT	Length= 00000000 External STDCALL
GetStdHandle . . . . . . . . . .	P Near	 00000000 FLAT	Length= 00000000 External STDCALL
GetSystemMetrics . . . . . . . .	P Near	 00000000 FLAT	Length= 00000000 External STDCALL
GetSystemTime  . . . . . . . . .	P Near	 00000000 FLAT	Length= 00000000 External STDCALL
GlobalAlloc  . . . . . . . . . .	P Near	 00000000 FLAT	Length= 00000000 External STDCALL
GlobalFree . . . . . . . . . . .	P Near	 00000000 FLAT	Length= 00000000 External STDCALL
GlobalSize . . . . . . . . . . .	P Near	 00000000 FLAT	Length= 00000000 External STDCALL
InternetGetConnectedState  . . .	P Near	 00000000 FLAT	Length= 00000000 External STDCALL
MessageBoxA  . . . . . . . . . .	P Near	 00000000 FLAT	Length= 00000000 External STDCALL
MessageBoxIndirectA  . . . . . .	P Near	 00000000 FLAT	Length= 00000000 External STDCALL
SetConsoleCursorPosition . . . .	P Near	 00000000 FLAT	Length= 00000000 External STDCALL
SetConsoleScreenBufferSize . . .	P Near	 00000000 FLAT	Length= 00000000 External STDCALL
SetConsoleTextAttribute  . . . .	P Near	 00000000 FLAT	Length= 00000000 External STDCALL
SetConsoleTitleA . . . . . . . .	P Near	 00000000 FLAT	Length= 00000000 External STDCALL
StdIn  . . . . . . . . . . . . .	P Near	 00000000 FLAT	Length= 00000000 External STDCALL
StdOut . . . . . . . . . . . . .	P Near	 00000000 FLAT	Length= 00000000 External STDCALL
URLDownloadToFileA . . . . . . .	P Near	 00000000 FLAT	Length= 00000000 External STDCALL
VirtualProtect . . . . . . . . .	P Near	 00000000 FLAT	Length= 00000000 External STDCALL
shell_ex . . . . . . . . . . . .	P Near	 00000000 FLAT	Length= 00000000 External STDCALL
shell  . . . . . . . . . . . . .	P Near	 00000000 FLAT	Length= 00000000 External STDCALL
wait_key . . . . . . . . . . . .	P Near	 00000000 FLAT	Length= 00000000 External STDCALL


Symbols:

                N a m e                 Type     Value    Attr

??0000 . . . . . . . . . . . . .	Byte	 00000043 _DATA	
??0001 . . . . . . . . . . . . .	Text   	 "
??0002 . . . . . . . . . . . . .	Byte	 00000042 _DATA	
??0004 . . . . . . . . . . . . .	L Near	 00000060 _TEXT	
??0005 . . . . . . . . . . . . .	Number	 00000001h   
??0006 . . . . . . . . . . . . .	Byte	 00000079 _DATA	
??0007 . . . . . . . . . . . . .	L Near	 000000A6 _TEXT	
??0008 . . . . . . . . . . . . .	Byte	 00000065 _DATA	
??0009 . . . . . . . . . . . . .	Text   	 "
??000A . . . . . . . . . . . . .	Byte	 00000064 _DATA	
??000C . . . . . . . . . . . . .	L Near	 00000093 _TEXT	
??000D . . . . . . . . . . . . .	Number	 00000001h   
??000E . . . . . . . . . . . . .	DWord	 0000007B _DATA	
??000F . . . . . . . . . . . . .	Byte	 0000007F _DATA	
??0010 . . . . . . . . . . . . .	L Near	 0000012F _TEXT	
??0011 . . . . . . . . . . . . .	Number	 00000001h   
??0012 . . . . . . . . . . . . .	DWord	 00000080 _DATA	
??0013 . . . . . . . . . . . . .	Byte	 00000084 _DATA	
??0014 . . . . . . . . . . . . .	L Near	 00000179 _TEXT	
??0015 . . . . . . . . . . . . .	Number	 00000001h   
??0016 . . . . . . . . . . . . .	DWord	 00000085 _DATA	
??0017 . . . . . . . . . . . . .	Byte	 0000008A _DATA	
??0018 . . . . . . . . . . . . .	Text   	 E
??0019 . . . . . . . . . . . . .	Byte	 00000089 _DATA	
??001A . . . . . . . . . . . . .	L Near	 000001D0 _TEXT	
??001B . . . . . . . . . . . . .	L Near	 00000206 _TEXT	
??001C . . . . . . . . . . . . .	Number	 00000000h   
??001D . . . . . . . . . . . . .	Byte	 00000152 _DATA	
??001F . . . . . . . . . . . . .	Byte	 00000155 _DATA	
??0020 . . . . . . . . . . . . .	Text   	 o
??0021 . . . . . . . . . . . . .	Byte	 00000154 _DATA	
??0022 . . . . . . . . . . . . .	L Near	 00000229 _TEXT	
??0023 . . . . . . . . . . . . .	L Near	 0000025F _TEXT	
??0024 . . . . . . . . . . . . .	Number	 00000000h   
??0025 . . . . . . . . . . . . .	Byte	 0000021D _DATA	
??0027 . . . . . . . . . . . . .	Byte	 00000220 _DATA	
??0028 . . . . . . . . . . . . .	Text   	 o
??0029 . . . . . . . . . . . . .	Byte	 0000021F _DATA	
??002A . . . . . . . . . . . . .	L Near	 00000282 _TEXT	
??002B . . . . . . . . . . . . .	L Near	 000002B8 _TEXT	
??002C . . . . . . . . . . . . .	Byte	 000002E8 _DATA	
??002D . . . . . . . . . . . . .	L Near	 000002C4 _TEXT	
??002E . . . . . . . . . . . . .	Number	 00000000h   
??002F . . . . . . . . . . . . .	Byte	 000002E9 _DATA	
??0037 . . . . . . . . . . . . .	Number	 00000004h   
??0038 . . . . . . . . . . . . .	Number	 00000000h   
??0039 . . . . . . . . . . . . .	Byte	 000002EC _DATA	
??003B . . . . . . . . . . . . .	Byte	 000002EF _DATA	
??003C . . . . . . . . . . . . .	Text   	 o
??003D . . . . . . . . . . . . .	Byte	 000002EE _DATA	
??003E . . . . . . . . . . . . .	L Near	 00000331 _TEXT	
??003F . . . . . . . . . . . . .	L Near	 00000367 _TEXT	
??0040 . . . . . . . . . . . . .	Number	 00000000h   
??0041 . . . . . . . . . . . . .	Byte	 000003B7 _DATA	
??0043 . . . . . . . . . . . . .	Byte	 000003BA _DATA	
??0044 . . . . . . . . . . . . .	Text   	 o
??0045 . . . . . . . . . . . . .	Byte	 000003B9 _DATA	
??0046 . . . . . . . . . . . . .	L Near	 0000038A _TEXT	
??0047 . . . . . . . . . . . . .	L Near	 000003C0 _TEXT	
??0048 . . . . . . . . . . . . .	Byte	 00000482 _DATA	
??0049 . . . . . . . . . . . . .	L Near	 000003CC _TEXT	
??004A . . . . . . . . . . . . .	Number	 00000000h   
??004B . . . . . . . . . . . . .	Byte	 00000483 _DATA	
??0053 . . . . . . . . . . . . .	Number	 00000004h   
??0054 . . . . . . . . . . . . .	Number	 00000000h   
??0055 . . . . . . . . . . . . .	Byte	 00000486 _DATA	
??0057 . . . . . . . . . . . . .	Byte	 00000489 _DATA	
??0058 . . . . . . . . . . . . .	Text   	 o
??0059 . . . . . . . . . . . . .	Byte	 00000488 _DATA	
??005A . . . . . . . . . . . . .	L Near	 0000043B _TEXT	
??005B . . . . . . . . . . . . .	L Near	 00000471 _TEXT	
??005C . . . . . . . . . . . . .	Number	 00000000h   
??005D . . . . . . . . . . . . .	Byte	 00000551 _DATA	
??005F . . . . . . . . . . . . .	Byte	 00000554 _DATA	
??0060 . . . . . . . . . . . . .	Text   	 o
??0061 . . . . . . . . . . . . .	Byte	 00000553 _DATA	
??0062 . . . . . . . . . . . . .	L Near	 0000049A _TEXT	
??0063 . . . . . . . . . . . . .	L Near	 000004D0 _TEXT	
??0064 . . . . . . . . . . . . .	Number	 00000000h   
??0065 . . . . . . . . . . . . .	Byte	 0000061C _DATA	
??0067 . . . . . . . . . . . . .	Byte	 0000061F _DATA	
??0068 . . . . . . . . . . . . .	Text   	 o
??0069 . . . . . . . . . . . . .	Byte	 0000061E _DATA	
??006A . . . . . . . . . . . . .	L Near	 000004F3 _TEXT	
??006B . . . . . . . . . . . . .	L Near	 00000529 _TEXT	
??006C . . . . . . . . . . . . .	Byte	 000006E7 _DATA	
??006D . . . . . . . . . . . . .	L Near	 00000535 _TEXT	
??006E . . . . . . . . . . . . .	Number	 00000000h   
??006F . . . . . . . . . . . . .	Byte	 000006E8 _DATA	
??0071 . . . . . . . . . . . . .	Byte	 000006EB _DATA	
??0072 . . . . . . . . . . . . .	Text   	 o
??0073 . . . . . . . . . . . . .	Byte	 000006EA _DATA	
??0074 . . . . . . . . . . . . .	L Near	 0000056C _TEXT	
??0075 . . . . . . . . . . . . .	L Near	 000005A2 _TEXT	
??0076 . . . . . . . . . . . . .	Number	 00000000h   
??0077 . . . . . . . . . . . . .	Byte	 000007B3 _DATA	
??0079 . . . . . . . . . . . . .	Byte	 000007B6 _DATA	
??007A . . . . . . . . . . . . .	Text   	 o
??007B . . . . . . . . . . . . .	Byte	 000007B5 _DATA	
??007C . . . . . . . . . . . . .	L Near	 000005C5 _TEXT	
??007D . . . . . . . . . . . . .	L Near	 000005FB _TEXT	
??007E . . . . . . . . . . . . .	Byte	 0000087F _DATA	
??007F . . . . . . . . . . . . .	Text   	 "
??0080 . . . . . . . . . . . . .	Byte	 0000087E _DATA	
??0082 . . . . . . . . . . . . .	L Near	 0000062E _TEXT	
??0083 . . . . . . . . . . . . .	Number	 00000000h   
??0084 . . . . . . . . . . . . .	Byte	 0000089A _DATA	
??0086 . . . . . . . . . . . . .	Byte	 0000089D _DATA	
??0087 . . . . . . . . . . . . .	Text   	 o
??0088 . . . . . . . . . . . . .	Byte	 0000089C _DATA	
??0089 . . . . . . . . . . . . .	L Near	 0000065C _TEXT	
??008A . . . . . . . . . . . . .	L Near	 00000692 _TEXT	
??008B . . . . . . . . . . . . .	Number	 00000000h   
??008C . . . . . . . . . . . . .	Byte	 00000965 _DATA	
??008E . . . . . . . . . . . . .	Byte	 00000968 _DATA	
??008F . . . . . . . . . . . . .	Text   	 o
??0090 . . . . . . . . . . . . .	Byte	 00000967 _DATA	
??0091 . . . . . . . . . . . . .	L Near	 000006B5 _TEXT	
??0092 . . . . . . . . . . . . .	L Near	 000006EB _TEXT	
??CommonHeapElemSize . . . . . .	DWord	 00000004 _DATA	
??ConsoleMode  . . . . . . . . .	Byte	 00000008 _DATA	
??TotalHeapAllocated . . . . . .	DWord	 00000000 _DATA	
??sTime  . . . . . . . . . . . .	SystemTime  00000009 _DATA	
@CodeSize  . . . . . . . . . . .	Number	 00000000h   
@DataSize  . . . . . . . . . . .	Number	 00000000h   
@InChar  . . . . . . . . . . . .	Text   	 @inchar
@InInt . . . . . . . . . . . . .	Text   	 @inint
@Inchar  . . . . . . . . . . . .	Text   	 @inchar
@InintLn . . . . . . . . . . . .	Text   	 @inintln
@Inintln . . . . . . . . . . . .	Text   	 @inintln
@Inint . . . . . . . . . . . . .	Text   	 @inint
@Interface . . . . . . . . . . .	Number	 00000003h   
@Model . . . . . . . . . . . . .	Number	 00000007h   
@ReadKey . . . . . . . . . . . .	Text   	 @readkey
@code  . . . . . . . . . . . . .	Text   	 _TEXT
@data  . . . . . . . . . . . . .	Text   	 FLAT
@fardata?  . . . . . . . . . . .	Text   	 FLAT
@fardata . . . . . . . . . . . .	Text   	 FLAT
@stack . . . . . . . . . . . . .	Text   	 FLAT
AllocConsole@0 . . . . . . . . .	L Near	 00000000 FLAT	External STDCALL
Black  . . . . . . . . . . . . .	Number	 00000000h   
Blue . . . . . . . . . . . . . .	Number	 00000001h   
Bright . . . . . . . . . . . . .	Number	 00000008h   
Brown  . . . . . . . . . . . . .	Number	 00000006h   
CREATE_ALWAYS  . . . . . . . . .	Number	 00000002h   
CREATE_NEW . . . . . . . . . . .	Number	 00000001h   
CharToOem  . . . . . . . . . . .	Text   	 CharToOemA
Cls  . . . . . . . . . . . . . .	Text   	 ClrScr
CreateFile . . . . . . . . . . .	Text   	 CreateFileA
Cyan . . . . . . . . . . . . . .	Number	 00000003h   
DarkGray . . . . . . . . . . . .	Number	 00000008h   
Dispose  . . . . . . . . . . . .	Text   	 dispose
Exit . . . . . . . . . . . . . .	Text   	 exit
FILE_ATTRIBUTE_ARCHIVE . . . . .	Number	 00000020h   
FILE_ATTRIBUTE_COMPRESSED  . . .	Number	 00000800h   
FILE_ATTRIBUTE_DIRECTORY . . . .	Number	 00000010h   
FILE_ATTRIBUTE_HIDDEN  . . . . .	Number	 00000002h   
FILE_ATTRIBUTE_NORMAL  . . . . .	Number	 00000080h   
FILE_ATTRIBUTE_READONLY  . . . .	Number	 00000001h   
FILE_ATTRIBUTE_SYSTEM  . . . . .	Number	 00000004h   
FILE_ATTRIBUTE_TEMPORARY . . . .	Number	 00000100h   
Flush  . . . . . . . . . . . . .	Text   	 flush
FreeConsole@0  . . . . . . . . .	L Near	 00000000 FLAT	External STDCALL
GENERIC_ALL  . . . . . . . . . .	Number	 10000000h   
GENERIC_EXECUTE  . . . . . . . .	Number	 20000000h   
GENERIC_READ . . . . . . . . . .	Number	 -80000000h   
GENERIC_WRITE  . . . . . . . . .	Number	 40000000h   
GMEM_FIXED . . . . . . . . . . .	Number	 00000000h   
GMEM_ZEROINIT  . . . . . . . . .	Number	 00000040h   
GetCommandLine . . . . . . . . .	Text   	 GetCommandLineA
GetModuleHandle  . . . . . . . .	Text   	 GetModuleHandleA
GotoXY . . . . . . . . . . . . .	Text   	 gotoXY
Green  . . . . . . . . . . . . .	Number	 00000002h   
IDABORT  . . . . . . . . . . . .	Number	 00000003h   
IDCANCEL . . . . . . . . . . . .	Number	 00000002h   
IDIGNORE . . . . . . . . . . . .	Number	 00000005h   
IDNO . . . . . . . . . . . . . .	Number	 00000007h   
IDOK . . . . . . . . . . . . . .	Number	 00000001h   
IDRETRY  . . . . . . . . . . . .	Number	 00000004h   
IDYES  . . . . . . . . . . . . .	Number	 00000006h   
InChar . . . . . . . . . . . . .	Text   	 inchar
InInt  . . . . . . . . . . . . .	Text   	 inint
Inchar . . . . . . . . . . . . .	Text   	 inchar
Incld  . . . . . . . . . . . . .	Byte	 0000002C _DATA	
InintLn  . . . . . . . . . . . .	Text   	 inintln
Inintln  . . . . . . . . . . . .	Text   	 inintln
Inint  . . . . . . . . . . . . .	Text   	 inint
LANG_NEUTRAL . . . . . . . . . .	Number	 00000000h   
LightBlue  . . . . . . . . . . .	Number	 00000009h   
LightGray  . . . . . . . . . . .	Number	 00000007h   
LightGreen . . . . . . . . . . .	Number	 0000000Ah   
LightMagenta . . . . . . . . . .	Number	 0000000Dh   
LightRed . . . . . . . . . . . .	Number	 0000000Ch   
L  . . . . . . . . . . . . . . .	Number	 00000005h   
MB_ABORTRETRYIGNORE  . . . . . .	Number	 00000002h   
MB_CANCELTRYCONTINUE . . . . . .	Number	 00000006h   
MB_DEFBUTTON1  . . . . . . . . .	Number	 00000000h   
MB_DEFBUTTON2  . . . . . . . . .	Number	 00000100h   
MB_DEFBUTTON3  . . . . . . . . .	Number	 00000200h   
MB_DEFBUTTON4  . . . . . . . . .	Number	 00000300h   
MB_HELP  . . . . . . . . . . . .	Number	 00004000h   
MB_ICONASTERISK  . . . . . . . .	Number	 00000040h   
MB_ICONEXCLAMATION . . . . . . .	Number	 00000030h   
MB_ICONHAND  . . . . . . . . . .	Number	 00000008h   
MB_ICONQUESTION  . . . . . . . .	Number	 00000020h   
MB_ICONSTOP  . . . . . . . . . .	Number	 00000010h   
MB_OKCANCEL  . . . . . . . . . .	Number	 00000001h   
MB_OK  . . . . . . . . . . . . .	Number	 00000000h   
MB_RETRYCANCEL . . . . . . . . .	Number	 00000005h   
MB_RIGHT . . . . . . . . . . . .	Number	 00080000h   
MB_SYSTEMMODAL . . . . . . . . .	Number	 00001000h   
MB_USERICON  . . . . . . . . . .	Number	 00000080h   
MB_YESNOCANCEL . . . . . . . . .	Number	 00000003h   
MB_YESNO . . . . . . . . . . . .	Number	 00000004h   
Magenta  . . . . . . . . . . . .	Number	 00000005h   
MessageBoxIndirect . . . . . . .	Text   	 MessageBoxIndirectA
MessageBox . . . . . . . . . . .	Text   	 MessageBoxA
NULL . . . . . . . . . . . . . .	Number	 00000000h   
NewLine  . . . . . . . . . . . .	Text   	 newline
Newline  . . . . . . . . . . . .	Text   	 newline
New  . . . . . . . . . . . . . .	Text   	 new
Nincl  . . . . . . . . . . . . .	Byte	 00000035 _DATA	
OPEN_ALWAYS  . . . . . . . . . .	Number	 00000004h   
OPEN_EXISTING  . . . . . . . . .	Number	 00000003h   
OutCharLn  . . . . . . . . . . .	Text   	 outcharln
OutCharln  . . . . . . . . . . .	Text   	 outcharln
OutChar  . . . . . . . . . . . .	Text   	 outchar,prompt:VARARG
OutDateLn  . . . . . . . . . . .	Text   	 outdateln
OutDateln  . . . . . . . . . . .	Text   	 outdateln
OutDate  . . . . . . . . . . . .	Text   	 outdate
OutILn . . . . . . . . . . . . .	Text   	 outintln
OutIln . . . . . . . . . . . . .	Text   	 outintln
OutIntLn . . . . . . . . . . . .	Text   	 outintln
OutInt . . . . . . . . . . . . .	Text   	 outint
OutI . . . . . . . . . . . . . .	Text   	 outint
OutNumLn . . . . . . . . . . . .	Text   	 outnumln
OutNumln . . . . . . . . . . . .	Text   	 outnumln
OutNum . . . . . . . . . . . . .	Text   	 outnum
OutStrLn . . . . . . . . . . . .	Text   	 outstrln
OutStr . . . . . . . . . . . . .	Text   	 outstr
OutTimeLn  . . . . . . . . . . .	Text   	 outtimeln
OutTimeln  . . . . . . . . . . .	Text   	 outtimeln
OutTime  . . . . . . . . . . . .	Text   	 outtime
OutULn . . . . . . . . . . . . .	Text   	 outwordln
OutUln . . . . . . . . . . . . .	Text   	 outwordln
OutUnsignedLn  . . . . . . . . .	Text   	 outwordln
OutUnsignedln  . . . . . . . . .	Text   	 outwordln
OutUnsigned  . . . . . . . . . .	Text   	 outword
OutU . . . . . . . . . . . . . .	Text   	 outword
OutWordLn  . . . . . . . . . . .	Text   	 outwordln
OutWord  . . . . . . . . . . . .	Text   	 outword
OutintLn . . . . . . . . . . . .	Text   	 outintln
Outintln . . . . . . . . . . . .	Text   	 outintln
Outint . . . . . . . . . . . . .	Text   	 outint
OutstrLn . . . . . . . . . . . .	Text   	 outstrln
OutwordLn  . . . . . . . . . . .	Text   	 outwordln
Outword  . . . . . . . . . . . .	Text   	 outword
PAGE_EXECUTE_READWRITE . . . . .	Number	 00000040h   
PAGE_EXECUTE_READ  . . . . . . .	Number	 00000020h   
PAGE_EXECUTE_WRITECOPY . . . . .	Number	 00000080h   
PAGE_EXECUTE . . . . . . . . . .	Number	 00000010h   
PAGE_NOACCESS  . . . . . . . . .	Number	 00000001h   
PAGE_READONLY  . . . . . . . . .	Number	 00000002h   
PAGE_READWRITE . . . . . . . . .	Number	 00000004h   
PAGE_WRITECOPY . . . . . . . . .	Number	 00000008h   
Pause  . . . . . . . . . . . . .	Text   	 pause
ReadKey  . . . . . . . . . . . .	Text   	 readkey
Red  . . . . . . . . . . . . . .	Number	 00000004h   
R  . . . . . . . . . . . . . . .	Number	 0000009Bh   
STD_ERROR_HANDLE . . . . . . . .	Number	 -0000000Ch   
STD_INPUT_HANDLE . . . . . . . .	Number	 -0000000Ah   
STD_OUTPUT_HANDLE  . . . . . . .	Number	 -0000000Bh   
SetConsoleTitle  . . . . . . . .	Text   	 SetConsoleTitleA
Start  . . . . . . . . . . . . .	L Near	 00000036 _TEXT	Public STDCALL
S  . . . . . . . . . . . . . . .	Byte	 00000019 _DATA	
TRUNCATE_EXISTING  . . . . . . .	Number	 00000005h   
URLDownloadToFile  . . . . . . .	Text   	 URLDownloadToFileA
White  . . . . . . . . . . . . .	Number	 0000000Fh   
Yellow . . . . . . . . . . . . .	Number	 0000000Eh   
_imp__printf . . . . . . . . . .	DWord	 00000000 FLAT	External STDCALL
_imp__sprintf  . . . . . . . . .	DWord	 00000000 FLAT	External STDCALL
black  . . . . . . . . . . . . .	Number	 00000000h   
blue . . . . . . . . . . . . . .	Number	 00000001h   
bright . . . . . . . . . . . . .	Number	 00000008h   
brown  . . . . . . . . . . . . .	Number	 00000006h   
chk  . . . . . . . . . . . . . .	L Near	 00000196 _TEXT	
clrscr . . . . . . . . . . . . .	Text   	 ClrScr
crt_printf . . . . . . . . . . .	Text   	 _imp__printf
crt_sprintf  . . . . . . . . . .	Text   	 _imp__sprintf
cyan . . . . . . . . . . . . . .	Number	 00000003h   
darkgray . . . . . . . . . . . .	Number	 00000008h   
dos  . . . . . . . . . . . . . .	Text   	 DOS
downloadfile . . . . . . . . . .	Text   	 DownloadFile
fin  . . . . . . . . . . . . . .	L Near	 00000552 _TEXT	
gotoxy . . . . . . . . . . . . .	Text   	 gotoXY
green  . . . . . . . . . . . . .	Number	 00000002h   
heapblocksize  . . . . . . . . .	Text   	 HeapBlockSize
inint_proc@0 . . . . . . . . . .	L Near	 00000000 FLAT	External STDCALL
inputstr . . . . . . . . . . . .	Text   	 InputStr
lightblue  . . . . . . . . . . .	Number	 00000009h   
lightgray  . . . . . . . . . . .	Number	 00000007h   
lightgreen . . . . . . . . . . .	Number	 0000000Ah   
lightmagenta . . . . . . . . . .	Number	 0000000Dh   
lightred . . . . . . . . . . . .	Number	 0000000Ch   
magenta  . . . . . . . . . . . .	Number	 00000005h   
minus  . . . . . . . . . . . . .	L Near	 0000014C _TEXT	
nil  . . . . . . . . . . . . . .	DWord 	 00000000h   
nxt  . . . . . . . . . . . . . .	L Near	 0000047A _TEXT	
ouchk  . . . . . . . . . . . . .	L Near	 000001C2 _TEXT	
outintLn . . . . . . . . . . . .	Text   	 outintln
outwordLn  . . . . . . . . . . .	Text   	 outwordln
plus . . . . . . . . . . . . . .	L Near	 00000104 _TEXT	
prcyc  . . . . . . . . . . . . .	L Near	 000003EE _TEXT	
prfin  . . . . . . . . . . . . .	L Near	 00000480 _TEXT	
print  . . . . . . . . . . . . .	L Near	 000003E9 _TEXT	
qtcfin . . . . . . . . . . . . .	L Near	 00000300 _TEXT	
qtcyc  . . . . . . . . . . . . .	L Near	 000002E8 _TEXT	
qty  . . . . . . . . . . . . . .	L Near	 000002E1 _TEXT	
red  . . . . . . . . . . . . . .	Number	 00000004h   
settextattr  . . . . . . . . . .	Text   	 SetTextAttr
strt . . . . . . . . . . . . . .	L Near	 00000069 _TEXT	
whereX . . . . . . . . . . . . .	Text   	 WhereX
whereY . . . . . . . . . . . . .	Text   	 WhereY
wherex . . . . . . . . . . . . .	Text   	 WhereX
wherey . . . . . . . . . . . . .	Text   	 WhereY
white  . . . . . . . . . . . . .	Number	 0000000Fh   
yellow . . . . . . . . . . . . .	Number	 0000000Eh   

	   0 Warnings
	   0 Errors
